// Jest Snapshot v1, https://goo.gl/fbAQLP

exports[`renders without crashing 1`] = `
<DocumentFragment>
  <div
    class="MuiPaper-root MuiPaper-elevation MuiPaper-rounded MuiPaper-elevation1 MuiCard-root css-bhp9pd-MuiPaper-root-MuiCard-root"
  >
    <div
      class="MuiCardContent-root css-46bh2p-MuiCardContent-root"
    >
      <p
        class="MuiTypography-root MuiTypography-body1 css-ahj2mt-MuiTypography-root"
      >
         
        <span
          class="badge bg-primary"
        >
          created
        </span>
      </p>
    </div>
    <div
      class="MuiCardActions-root MuiCardActions-spacing css-1t6e9jv-MuiCardActions-root"
    >
      <button
        class="MuiButton-root MuiButton-outlined MuiButton-outlinedPrimary MuiButton-sizeMd MuiButton-outlinedSizeMd MuiButtonBase-root  css-1rwt2y5-MuiButtonBase-root-MuiButton-root"
        id="edit-undefined"
        tabindex="0"
        type="button"
      >
        Edit
        <span
          class="MuiTouchRipple-root css-8je8zh-MuiTouchRipple-root"
        />
      </button>
      <button
        class="MuiButton-root MuiButton-outlined MuiButton-outlinedPrimary MuiButton-sizeMd MuiButton-outlinedSizeMd MuiButtonBase-root  css-hmexeu-MuiButtonBase-root-MuiButton-root"
        id="go-live-undefined"
        tabindex="0"
        type="button"
      >
        Go Live
        <span
          class="MuiTouchRipple-root css-8je8zh-MuiTouchRipple-root"
        />
      </button>
    </div>
  </div>
</DocumentFragment>
`;
