// Jest Snapshot v1, https://goo.gl/fbAQLP

exports[`renders without crashing 1`] = `
<DocumentFragment>
  <div
    class="Login"
  >
    <form
      class=""
    >
      <div>
        <label
          class="form-label"
          for="username"
        >
          Username
        </label>
        <input
          class="form-control"
          id="username"
          type="username"
          value=""
        />
      </div>
      <div>
        <label
          class="form-label"
          for="password"
        >
          Password
        </label>
        <input
          class="form-control"
          id="password"
          type="password"
          value=""
        />
      </div>
      <button
        class="btn btn-primary btn-lg"
        type="submit"
      >
        Login
      </button>
    </form>
  </div>
</DocumentFragment>
`;
