// Jest Snapshot v1, https://goo.gl/fbAQLP

exports[`renders without crashing 1`] = `
<DocumentFragment>
  <div
    class="Login"
  >
    <form
      class=""
    >
      <div
        class="mb-3"
        id="username"
      >
        <label
          class="form-label"
          for="username-input"
        >
          Username
        </label>
        <input
          class="form-control"
          id="username-input"
          type="text"
          value=""
        />
      </div>
      <div
        class="mb-3"
        id="password"
      >
        <label
          class="form-label"
          for="password-input"
        >
          Password
        </label>
        <input
          class="form-control"
          id="password-input"
          type="password"
          value=""
        />
      </div>
      <button
        class="btn btn-secondary btn-lg disabled"
        disabled=""
        type="submit"
      >
        Login
      </button>
      <div
        class="errMsg"
        data-testid="loginErrorId"
      />
    </form>
  </div>
</DocumentFragment>
`;
