// Jest Snapshot v1, https://goo.gl/fbAQLP

exports[`renders without crashing 1`] = `
<DocumentFragment>
  <div
    class="MuiContainer-root MuiContainer-maxWidthLg css-x9z34i-MuiContainer-root"
  >
    <div
      class="MuiGrid-root MuiGrid-container MuiGrid-spacing-xs-2 MuiGrid-direction-xs-column css-aqz4ao-MuiGrid-root"
    >
      <div
        class="MuiTypography-root MuiTypography-h3 css-gepadz-MuiTypography-root"
      >
        User Results page
      </div>
    </div>
  </div>
</DocumentFragment>
`;
