// Jest Snapshot v1, https://goo.gl/fbAQLP

exports[`renders without crashing 1`] = `
<DocumentFragment>
  <div
    class="Form"
  >
    <form
      class="mt-4"
    >
      <div
        class="mb-1 row"
      >
        <div
          class="position-relative mb-3"
          md="6"
        >
          <label
            class="form-label"
            for="firstName"
          >
            First Name
          </label>
          <input
            aria-invalid="false"
            class="form-control"
            id="firstName"
            name="firstName"
            type="text"
            value=""
          />
          <div
            class="invalid-feedback"
            type="invalid"
          />
        </div>
      </div>
      <div
        class="mb-1 row"
      >
        <div
          class="position-relative mb-3"
          md="6"
        >
          <label
            class="form-label"
            for="lastName"
          >
            Last Name
          </label>
          <input
            aria-invalid="false"
            class="form-control"
            id="lastName"
            name="lastName"
            type="text"
            value=""
          />
          <div
            class="invalid-feedback"
            type="invalid"
          />
        </div>
      </div>
      <div
        class="mb-1 row"
      >
        <div
          class="position-relative mb-3"
          md="6"
        >
          <label
            class="form-label"
            for="username"
          >
            Username
          </label>
          <input
            aria-invalid="false"
            class="form-control"
            id="username"
            name="username"
            type="text"
            value=""
          />
          <div
            class="invalid-feedback"
            type="invalid"
          />
        </div>
      </div>
      <div
        class="mb-1 row"
      >
        <div
          class="position-relative mb-3"
          md="6"
        >
          <label
            class="form-label"
            for="password"
          >
            Password
          </label>
          <input
            aria-invalid="false"
            class="form-control"
            id="password"
            name="password"
            type="password"
            value=""
          />
          <div
            class="invalid-feedback"
            type="invalid"
          />
        </div>
      </div>
      <div
        class="mb-1 row"
      >
        <div
          class="position-relative mb-3"
          md="6"
        >
          <label
            class="form-label"
            for="email"
          >
            Email
          </label>
          <input
            aria-invalid="false"
            class="form-control"
            id="email"
            name="email"
            type="text"
            value=""
          />
          <div
            class="invalid-feedback"
            type="invalid"
          />
        </div>
      </div>
      <div
        class="mb-3 errMsg justify-content-center row"
        data-testid="signupErrorId"
      />
      <div
        class="justify-content-center my-2 row"
      >
        <button
          class="btn btn-secondary btn-lg"
          type="submit"
        >
          Sign Up
        </button>
      </div>
    </form>
  </div>
</DocumentFragment>
`;
