// Jest Snapshot v1, https://goo.gl/fbAQLP

exports[`renders without crashing 1`] = `
<DocumentFragment>
  <div
    class="MuiContainer-root MuiContainer-maxWidthLg css-1nz72na-MuiContainer-root"
  >
    <div
      class="MuiGrid-root MuiGrid-container MuiGrid-spacing-xs-2 MuiGrid-direction-xs-column css-1n6nc7-MuiGrid-root"
    >
      <div
        class="MuiGrid-root MuiGrid-container MuiGrid-item MuiGrid-direction-xs-column MuiGrid-grid-lg-1 css-1j3clo9-MuiGrid-root"
      >
        <div
          class="MuiGrid-root MuiGrid-item css-13i4rnv-MuiGrid-root"
        >
          <div
            class="MuiTypography-root MuiTypography-h5 css-ag7rrr-MuiTypography-root"
            id="eventName"
          >
            Event: eventName
          </div>
        </div>
      </div>
      <div
        class="MuiGrid-root MuiGrid-container MuiGrid-item MuiGrid-direction-xs-column MuiGrid-grid-lg-1 css-fit3tt-MuiGrid-root"
      >
        <div
          class="MuiGrid-root MuiGrid-item css-13i4rnv-MuiGrid-root"
        >
          <div
            class="MuiTypography-root MuiTypography-h6 css-2ulfj5-MuiTypography-root"
            data-testid="question"
            id="question"
          >
            The Question content
          </div>
        </div>
        <div
          class="MuiGrid-root MuiGrid-container MuiGrid-item css-1f064cs-MuiGrid-root"
        >
          <div
            class="MuiPaper-root MuiPaper-outlined MuiPaper-rounded MuiCard-root css-1v5z4dq-MuiPaper-root-MuiCard-root"
          >
            <div
              class="MuiCardContent-root css-46bh2p-MuiCardContent-root"
            >
              <p
                class="MuiTypography-root MuiTypography-body1 MuiTypography-gutterBottom css-16m3jxf-MuiTypography-root"
              >
                Total Participants
              </p>
              <div
                class="MuiTypography-root MuiTypography-h5 css-ag7rrr-MuiTypography-root"
              >
                1
              </div>
            </div>
          </div>
          <div
            class="MuiPaper-root MuiPaper-outlined MuiPaper-rounded MuiCard-root css-1v5z4dq-MuiPaper-root-MuiCard-root"
          >
            <div
              class="MuiCardContent-root css-46bh2p-MuiCardContent-root"
            >
              <p
                class="MuiTypography-root MuiTypography-body1 MuiTypography-gutterBottom css-16m3jxf-MuiTypography-root"
              >
                Total Answered
              </p>
              <div
                class="MuiTypography-root MuiTypography-h5 css-ag7rrr-MuiTypography-root"
              >
                1
              </div>
            </div>
          </div>
        </div>
      </div>
      <div
        class="MuiGrid-root MuiGrid-container MuiGrid-item MuiGrid-direction-xs-column css-1cylki8-MuiGrid-root"
      >
        <div
          class="MuiGrid-root MuiGrid-container MuiGrid-item MuiGrid-direction-xs-column css-80wlp8-MuiGrid-root"
        >
          <div
            class="MuiTypography-root MuiTypography-p css-37jdci-MuiTypography-root"
            id="numQuestions"
          >
            1/1 Questions
          </div>
        </div>
        <button
          class="MuiButton-root MuiButton-contained MuiButton-containedPrimary MuiButton-sizeMedium MuiButton-containedSizeMedium MuiButtonBase-root  css-1p8w7jk-MuiButtonBase-root-MuiButton-root"
          tabindex="0"
          type="submit"
        >
          Next Question
          <span
            class="MuiTouchRipple-root css-8je8zh-MuiTouchRipple-root"
          />
        </button>
        <span
          class="MuiBox-root css-msn52r"
        >
          Time - 00 : 00
        </span>
      </div>
    </div>
    <div
      class="MuiGrid-root MuiGrid-container MuiGrid-item MuiGrid-direction-xs-column css-80wlp8-MuiGrid-root"
    >
      <div
        class="MuiGrid-root MuiGrid-container MuiGrid-item MuiGrid-direction-xs-column css-80wlp8-MuiGrid-root"
      >
        <div
          class="MuiTypography-root MuiTypography-p css-37jdci-MuiTypography-root"
          id="question_graph"
        >
          The Question content
        </div>
        <div
          class="MuiContainer-root MuiContainer-maxWidthLg css-x9z34i-MuiContainer-root"
        >
          <div
            class="MuiGrid-root css-15dy41a-MuiGrid-root"
          >
            <div
              class="recharts-responsive-container"
              style="width: 100%; height: 100%;"
            />
          </div>
        </div>
      </div>
    </div>
  </div>
</DocumentFragment>
`;
